
Running 126 tests using 1 worker

(node:96935) Warning: The 'NO_COLOR' env is ignored due to the 'FORCE_COLOR' env being set.
(Use `node --trace-warnings ...` to show where the warning was created)
  ✓    1 [chromium] › tests/partner/approval-flow.spec.ts:52:5 › 승인 전 로그인 403 → approve 200 → 로그인 200 → partner API 접근 허용 (1.1s)
  ✓    2 [chromium] › tests/partner/approval-flow.spec.ts:84:5 › approve 404(:15) · 이미 승인된 업체 재승인 409(:18) (362ms)
  ✓    3 [chromium] › tests/partner/approval-flow.spec.ts:99:5 › reject 200 → 로그인 403(사유 노출) · 반려 후 partner API 차단 (356ms)
  ✓    4 [chromium] › tests/partner/approval-flow.spec.ts:123:5 › reject 404(:26) · PENDING 이 아닌 신청 반려 409(:31) · 본문 없이 호출 허용(:20-22) (406ms)
  ✓    5 [chromium] › tests/partner/approval-flow.spec.ts:147:5 › GET cert — 업로드한 바이트를 그대로 돌려주고, 증빙 없으면 404(:31) (377ms)
  ✓    6 [chromium] › tests/partner/jobs-lifecycle.spec.ts:68:5 › GET /api/partner/jobs 는 본인 배정만 계약된 shape 로 돌려준다 (route.ts:11-35) (234ms)
  ✓    7 [chromium] › tests/partner/jobs-lifecycle.spec.ts:116:5 › GET /api/partner/jobs/[id] 는 없는 id 에 404, 본인 건은 고객 정보를 포함한다 (145ms)
  ✓    8 [chromium] › tests/partner/jobs-lifecycle.spec.ts:138:5 › accept: REQUESTED→ACCEPTED 200, 접수도 ACCEPTED (accept/route.ts:24-34) (194ms)
  ✓    9 [chromium] › tests/partner/jobs-lifecycle.spec.ts:157:5 › accept 409 — 재수락과 거절된 배정 수락 (CAS :24-30) (284ms)
  ✓   10 [chromium] › tests/partner/jobs-lifecycle.spec.ts:191:5 › reject(ADMIN 배정): 200 reassigned:false, 접수가 RECEIVED 로 되돌아간다 (:69-73) (142ms)
  ✓   11 [chromium] › tests/partner/jobs-lifecycle.spec.ts:226:5 › reject(AUTO 배정): 후보가 없으면 reassigned:false 로 관리자에게 반환된다 (281ms)
  ✓   12 [chromium] › tests/partner/jobs-lifecycle.spec.ts:255:5 › reject(AUTO 배정): 다음 순위 업체로 즉시 재배정하고 배정 문자를 남긴다 (:48-65) (337ms)
  ✓   13 [chromium] › tests/partner/jobs-lifecycle.spec.ts:322:5 › status 400/404/409 — 잘못된 본문(:25,:29) · 없는 배정(:37) · 미수락 배정(:40) (215ms)
  ✓   14 [chromium] › tests/partner/jobs-lifecycle.spec.ts:377:5 › status 409 — 접수 상태가 어긋나면 출동(:48-50)·완료(:56-61)가 막힌다 (179ms)
  ✓   15 [chromium] › tests/partner/jobs-lifecycle.spec.ts:412:5 › status happy: 수락→출동→완료, 완료 시 설문 행과 설문 문자가 뒤따른다 (336ms)
  ✓   16 [chromium] › tests/partner/journey.spec.ts:34:5 › 가입 → 승인대기 → 관리자 승인 → 로그인 → 수락 → 출동 → 완료 (3.3s)
  ✓   17 [chromium] › tests/partner/profile-earnings.spec.ts:70:5 › GET /api/partner/profile 는 계약된 필드만 돌려준다 (route.ts:34-43) (213ms)
  ✓   18 [chromium] › tests/partner/profile-earnings.spec.ts:104:5 › PATCH 400 — 잘못된 JSON(:55) · 전화번호 형식(:59-62) (173ms)
  ✓   19 [chromium] › tests/partner/profile-earnings.spec.ts:143:5 › profile 404 — 세션의 providerId 가 실재하지 않으면 GET(:31-33)·PATCH(:69-71) (45ms)
  ✓   20 [chromium] › tests/partner/profile-earnings.spec.ts:168:5 › PATCH 200 — 전화·주소·지역·영업상태가 실제로 반영되고 지역은 화이트리스트로 걸러진다 (302ms)
  ✓   21 [chromium] › tests/partner/profile-earnings.spec.ts:207:5 › GET /api/partner/commissions 는 내가 소개자인 적립만 합산한다 (570ms)
  ✓   22 [chromium] › tests/partner/profile-earnings.spec.ts:255:5 › GET /api/partner/referrals 는 내가 소개한 업체·전기기사만 보여준다 (947ms)
  ✓   23 [chromium] › tests/partner/profile-earnings.spec.ts:302:5 › GET /api/partner/reviews — n<5 는 집계만, n≥5 부터 코멘트가 열린다 (route.ts:9, :30) (365ms)
  ✓   24 [chromium] › tests/partner/profile-earnings.spec.ts:347:5 › GET /api/partner/stats — 30일 배정·수락·평점 집계 (portalStats.ts:19-45) (330ms)
  ✓   25 [chromium] › tests/partner/signup-api.spec.ts:49:5 › multipart 이 아니면 400 — JSON 본문은 formData() 에서 거부된다 (:62-65) (15ms)
  ✓   26 [chromium] › tests/partner/signup-api.spec.ts:60:5 › 필수 필드 zod 400 5종 (:76-81) (51ms)
  ✓   27 [chromium] › tests/partner/signup-api.spec.ts:86:5 › 사업자등록번호 체크섬 불일치 400 (:84-86, lib/bizRegNo.ts:9-13) (168ms)
  ✓   28 [chromium] › tests/partner/signup-api.spec.ts:116:5 › bizCert 미첨부·초과크기·허용외 MIME 400 (:93, :99, :105) (146ms)
  ✓   29 [chromium] › tests/partner/signup-api.spec.ts:162:5 › 중복 bizRegNo 409 (:119-123) · 중복 loginId 409 (:116-118) (376ms)
  ✓   30 [chromium] › tests/partner/signup-api.spec.ts:202:5 › 추천인 검증 400 — 미승인 추천인(:146) · 자기 자신(:149) (463ms)
  ✓   31 [chromium] › tests/partner/signup-api.spec.ts:253:5 › 가입 성공은 PENDING 으로 만들고 (:184) 승인 전 로그인을 막는다 (login:48-53) (376ms)
  ✓   32 [chromium] › tests/partner/signup-api.spec.ts:302:5 › 승인 대기 업체 세션은 포털 접근을 차단한다 — approvalStatus 를 재확인하지 않는다 (202ms)
  ✓   33 [chromium] › tests/partner/signup-api.spec.ts:321:5 › 레이트리밋 429 — 전용 IP 에서 6회째가 막힌다 (:37-48, :53-58) (51ms)
  ✓   34 [chromium] › tests/portal/improvements-api.spec.ts:17:7 › partner: 100건을 넘은 과거 이력 뒤의 활성 배정과 동일 시각 커서 (450ms)
  ✓   35 [chromium] › tests/portal/improvements-api.spec.ts:120:7 › partner: 배정 중지 상태는 순위에서 제외하고 내 정보 저장은 좌표를 보존 (216ms)
  ✓   36 [chromium] › tests/portal/improvements-api.spec.ts:194:7 › partner: 수수료 51번째 내역과 정확한 전체 합계 (830ms)
  ✓   37 [chromium] › tests/portal/improvements-api.spec.ts:17:7 › tech: 100건을 넘은 과거 이력 뒤의 활성 배정과 동일 시각 커서 (382ms)
  ✓   38 [chromium] › tests/portal/improvements-api.spec.ts:120:7 › tech: 배정 중지 상태는 순위에서 제외하고 내 정보 저장은 좌표를 보존 (235ms)
  ✓   39 [chromium] › tests/portal/improvements-api.spec.ts:194:7 › tech: 수수료 51번째 내역과 정확한 전체 합계 (583ms)
  ✓   40 [chromium] › tests/portal/improvements-api.spec.ts:258:5 › 근로확인서: 조회 버전 안정성, 서명 전 변경 감지, 확정본 수정 차단 (371ms)
  ✓   41 [chromium] › tests/portal/improvements-ui.spec.ts:97:9 › partner › 모바일 우선순위·9자리 금액·상태와 접근성 (1.2s)
  ✓   42 [chromium] › tests/portal/improvements-ui.spec.ts:153:9 › partner › 조회 실패는 빈 내역으로 표시하지 않고 전체 새로고침으로 복구 (568ms)
  ✓   43 [chromium] › tests/portal/improvements-ui.spec.ts:185:9 › partner › 상세 통신 실패에도 연락처 유지·처리 버튼 잠금·복구 (617ms)
  ✘   44 [chromium] › tests/portal/improvements-ui.spec.ts:218:9 › partner › 사진 대화상자 키보드 이동·초점 복귀·이미지 재시도 (5.9s)
(node:97075) Warning: The 'NO_COLOR' env is ignored due to the 'FORCE_COLOR' env being set.
(Use `node --trace-warnings ...` to show where the warning was created)
  ✓   45 [chromium] › tests/portal/improvements-ui.spec.ts:260:9 › partner › 내 정보 재시도·미저장 상태·저장 실패 후 입력 유지 (848ms)
  ✓   46 [chromium] › tests/portal/improvements-ui.spec.ts:315:9 › partner › 지난 내역 검색과 페이지 이동 (551ms)
  ✓   47 [chromium] › tests/portal/improvements-ui.spec.ts:97:9 › tech › 모바일 우선순위·9자리 금액·상태와 접근성 (1.5s)
  ✓   48 [chromium] › tests/portal/improvements-ui.spec.ts:153:9 › tech › 조회 실패는 빈 내역으로 표시하지 않고 전체 새로고침으로 복구 (668ms)
  ✓   49 [chromium] › tests/portal/improvements-ui.spec.ts:185:9 › tech › 상세 통신 실패에도 연락처 유지·처리 버튼 잠금·복구 (514ms)
  ✘   50 [chromium] › tests/portal/improvements-ui.spec.ts:218:9 › tech › 사진 대화상자 키보드 이동·초점 복귀·이미지 재시도 (5.8s)
(node:97108) Warning: The 'NO_COLOR' env is ignored due to the 'FORCE_COLOR' env being set.
(Use `node --trace-warnings ...` to show where the warning was created)
  ✓   51 [chromium] › tests/portal/improvements-ui.spec.ts:260:9 › tech › 내 정보 재시도·미저장 상태·저장 실패 후 입력 유지 (714ms)
  ✓   52 [chromium] › tests/portal/improvements-ui.spec.ts:315:9 › tech › 지난 내역 검색과 페이지 이동 (547ms)
  ✓   53 [chromium] › tests/portal/improvements-ui.spec.ts:351:5 › 아이디 확인 요청 중 수정하면 이전 성공 응답은 무효 (500ms)
  ✓   54 [chromium] › tests/portal/improvements-ui.spec.ts:373:5 › 가입 필드 라벨·첨부 키보드 포커스·고용 선택 상태 (504ms)
  ✓   55 [chromium] › tests/portal/improvements-ui.spec.ts:388:5 › 근로확인서 전체 조건·키보드 서명·완료본 인쇄 (748ms)
  ✓   56 [chromium] › tests/portal/improvements-ui.spec.ts:487:7 › partner: 모든 조회 실패와 계약 오류는 빈 상태로 오인하지 않는다 (389ms)
  ✓   57 [chromium] › tests/portal/improvements-ui.spec.ts:521:7 › partner: 종료된 배정은 사유와 시간을 표시하고 처리 버튼을 숨긴다 (607ms)
  ✓   58 [chromium] › tests/portal/improvements-ui.spec.ts:553:7 › partner: 로그아웃 실패는 현재 화면에서 재시도 (553ms)
  ✓   59 [chromium] › tests/portal/improvements-ui.spec.ts:487:7 › tech: 모든 조회 실패와 계약 오류는 빈 상태로 오인하지 않는다 (408ms)
  ✓   60 [chromium] › tests/portal/improvements-ui.spec.ts:521:7 › tech: 종료된 배정은 사유와 시간을 표시하고 처리 버튼을 숨긴다 (566ms)
  ✓   61 [chromium] › tests/portal/improvements-ui.spec.ts:553:7 › tech: 로그아웃 실패는 현재 화면에서 재시도 (560ms)
  ✓   62 [chromium] › tests/tech/contract-gate.spec.ts:46:7 › 배정 후보 계약 게이트 › 계약이 없거나 DRAFT·SUBMITTED 인 전기기사는 후보에서 제외된다 (613ms)
  ✓   63 [chromium] › tests/tech/contract-gate.spec.ts:73:7 › 배정 후보 계약 게이트 › DRAFT → CONFIRMED 로 바뀌면 같은 접수의 후보에 나타난다 (214ms)
  ✓   64 [chromium] › tests/tech/contract-gate.spec.ts:110:7 › 배정 후보 계약 게이트 › CONFIRMED 라도 비활성·미승인이면 후보가 아니다 (matching.ts:51-53) (412ms)
  ✓   65 [chromium] › tests/tech/contract-gate.spec.ts:138:7 › 배정 후보 계약 게이트 › 후보 항목은 계약 게이트 통과 후 표시 계약(shape)을 채운다 (209ms)
  ✓   66 [chromium] › tests/tech/contract-gate.spec.ts:168:7 › 배정 후보 계약 게이트 › 이 접수를 거절한 전기기사는 후보에 남되 rejectedThisRequest 로 표시된다 (167ms)
  ✓   67 [chromium] › tests/tech/contract-gate.spec.ts:200:7 › 배정 후보 계약 게이트 › 존재하지 않는 접수의 후보 조회는 404 (candidates/route.ts:18-20) (84ms)
  ✓   68 [chromium] › tests/tech/earnings.spec.ts:89:7 › GET /api/tech/commissions › 소개자 본인의 적립만 대기·지급 합계로 집계한다 (319ms)
  ✓   69 [chromium] › tests/tech/earnings.spec.ts:138:7 › GET /api/tech/commissions › 소개 이력이 없으면 0·빈 배열 (152ms)
  ✓   70 [chromium] › tests/tech/earnings.spec.ts:156:7 › GET /api/tech/referrals › 내가 소개한 전기기사가 승인상태·적립과 함께 나온다 (297ms)
  ✓   71 [chromium] › tests/tech/earnings.spec.ts:191:7 › GET /api/tech/referrals › 소개한 사람이 없으면 빈 개요 (161ms)
  ✓   72 [chromium] › tests/tech/earnings.spec.ts:206:7 › GET /api/tech/reviews › 후기 5건 미만이면 코멘트를 공개하지 않는다 (n≥5 임계) (135ms)
  ✓   73 [chromium] › tests/tech/earnings.spec.ts:222:7 › GET /api/tech/reviews › 후기 5건부터 코멘트가 공개되고 분포·평균이 맞는다 (217ms)
  ✓   74 [chromium] › tests/tech/earnings.spec.ts:252:7 › GET /api/tech/reviews › 남의 후기는 섞이지 않는다 (243ms)
  ✓   75 [chromium] › tests/tech/earnings.spec.ts:276:7 › GET /api/tech/stats › 30일 배정은 수락+거절 합산, 수락은 수락만 (143ms)
  ✓   76 [chromium] › tests/tech/earnings.spec.ts:313:7 › GET /api/tech/stats › 후기가 있으면 실측 평균을 준다 (랭킹용 3.0 중립값이 아니다) (157ms)
  ✓   77 [chromium] › tests/tech/earnings.spec.ts:341:7 › GET /api/tech/contract › 근로확인서가 없으면 DRAFT 로 생성하고 근무조건·임금 기본값을 채운다 (179ms)
  ✓   78 [chromium] › tests/tech/earnings.spec.ts:367:7 › GET /api/tech/contract › 상시 근로자는 주5일·주휴일 기본값을 받는다 (219ms)
  ✓   79 [chromium] › tests/tech/earnings.spec.ts:378:7 › GET /api/tech/contract › 반복 조회해도 근로확인서는 1건만 생긴다 (멱등) (198ms)
  ✓   80 [chromium] › tests/tech/earnings.spec.ts:393:7 › GET /api/tech/contract › 전기기사 정보가 없으면 404 (contract/route.ts:118-120) (165ms)
  ✓   81 [chromium] › tests/tech/earnings.spec.ts:411:7 › PUT /api/tech/contract › 서명하면 즉시 CONFIRMED 가 되고 일일 근로자는 계약기간이 당일이다 (171ms)
  ✓   82 [chromium] › tests/tech/earnings.spec.ts:439:7 › PUT /api/tech/contract › 상시 근로자는 계약종료일이 없다 (204ms)
  ✓   83 [chromium] › tests/tech/earnings.spec.ts:452:7 › PUT /api/tech/contract › 확정된 근로확인서는 다시 고칠 수 없다 → 409 (contract/route.ts:149-154) (143ms)
  ✓   84 [chromium] › tests/tech/earnings.spec.ts:466:7 › PUT /api/tech/contract › 임금이 비어 있으면 서명할 수 없다 → 409 (contract/route.ts:157-162) (216ms)
  ✓   85 [chromium] › tests/tech/earnings.spec.ts:488:7 › PUT /api/tech/contract › 잘못된 JSON → 400 (contract/route.ts:131-135) (155ms)
  ✓   86 [chromium] › tests/tech/earnings.spec.ts:501:7 › PUT /api/tech/contract › zod 경계 — 서명·필수항목·날짜 형식은 400 (contract.ts:5-20) (275ms)
  ✓   87 [chromium] › tests/tech/earnings.spec.ts:557:7 › PUT /api/tech/contract › 전기기사 정보가 없으면 404 (contract/route.ts:146-148) (212ms)
  ✓   88 [chromium] › tests/tech/identity-config.spec.ts:6:5 › GET /api/identity/config — mock 환경에서는 provider=mock 만 내려주고 비밀값은 없다 (7ms)
  ✓   89 [chromium] › tests/tech/jobs-lifecycle.spec.ts:88:7 › GET /api/tech/jobs › 본인 배정만 반환한다 (jobs/route.ts:11-16) (394ms)
  ✓   90 [chromium] › tests/tech/jobs-lifecycle.spec.ts:106:7 › GET /api/tech/jobs › 목록 항목은 배정 + 접수 요약 계약을 지킨다 (147ms)
  ✓   91 [chromium] › tests/tech/jobs-lifecycle.spec.ts:136:7 › GET /api/tech/jobs › GET /api/tech/jobs/[id] 는 상세에서 고객 연락처를 준다 (133ms)
  ✓   92 [chromium] › tests/tech/jobs-lifecycle.spec.ts:161:7 › POST /api/tech/jobs/[id]/accept › 수락하면 배정과 접수가 함께 ACCEPTED 로 간다 (174ms)
  ✓   93 [chromium] › tests/tech/jobs-lifecycle.spec.ts:185:7 › POST /api/tech/jobs/[id]/accept › 재수락은 409 (accept/route.ts:28-30 의 CAS) (215ms)
  ✓   94 [chromium] › tests/tech/jobs-lifecycle.spec.ts:202:7 › POST /api/tech/jobs/[id]/accept › 거절된 배정은 수락할 수 없다 (409) (210ms)
  ✓   95 [chromium] › tests/tech/jobs-lifecycle.spec.ts:220:7 › POST /api/tech/jobs/[id]/accept › 없는 배정 → 404 (141ms)
  ✓   96 [chromium] › tests/tech/jobs-lifecycle.spec.ts:238:7 › POST /api/tech/jobs/[id]/reject › 수동배정 거절은 접수를 RECEIVED 로 되돌리고 needsAttention 을 켠다 (143ms)
  ✓   97 [chromium] › tests/tech/jobs-lifecycle.spec.ts:282:7 › POST /api/tech/jobs/[id]/reject › 바디 없이 거절해도 200 (reject/route.ts:26-28) (188ms)
  ✓   98 [chromium] › tests/tech/jobs-lifecycle.spec.ts:307:7 › POST /api/tech/jobs/[id]/reject › 자동배정 건은 재배정을 시도하고, 후보가 없으면 관리자에게 반환한다 (156ms)
  ✓   99 [chromium] › tests/tech/jobs-lifecycle.spec.ts:348:7 › POST /api/tech/jobs/[id]/reject › 재거절은 409 (reject/route.ts:43-45 의 CAS) (234ms)
  ✓  100 [chromium] › tests/tech/jobs-lifecycle.spec.ts:369:7 › POST /api/tech/jobs/[id]/reject › 수락한 배정은 거절할 수 없다 (409) (202ms)
  ✓  101 [chromium] › tests/tech/jobs-lifecycle.spec.ts:405:7 › POST /api/tech/jobs/[id]/status › 수락 전에는 진행할 수 없다 → 409 (status/route.ts:39-41) (300ms)
  ✓  102 [chromium] › tests/tech/jobs-lifecycle.spec.ts:432:7 › POST /api/tech/jobs/[id]/status › 잘못된 JSON·상태값은 400 (status/route.ts:24-30) (161ms)
  ✓  103 [chromium] › tests/tech/jobs-lifecycle.spec.ts:453:7 › POST /api/tech/jobs/[id]/status › 출동 → 완료 순서를 지켜야 하며, 어긋난 전이는 전부 409 (265ms)
  ✓  104 [chromium] › tests/tech/jobs-lifecycle.spec.ts:512:7 › POST /api/tech/jobs/[id]/status › 완료 시 설문 행과 설문 SMS 가 각각 뒤늦게 도착한다 (2중 fire-and-forget) (201ms)
  ✓  105 [chromium] › tests/tech/jobs-lifecycle.spec.ts:570:7 › POST /api/tech/jobs/[id]/status › 남의 배정 상태는 바꿀 수 없다 → 404, 그리고 zod 게이트가 이 분기를 가린다 (315ms)
  ✓  106 [chromium] › tests/tech/journey.spec.ts:35:5 › 가입 → 로그인 → 계약 서명 → 수락 → 출동 → 완료 (2.9s)
  ✓  107 [chromium] › tests/tech/signup-api.spec.ts:79:7 › POST /api/identity/verify › mock provider 는 입력한 이름·번호를 그대로 인증하고 verificationId 를 발급한다 (48ms)
  ✓  108 [chromium] › tests/tech/signup-api.spec.ts:105:7 › POST /api/identity/verify › 이름·번호가 없으면 400 (mock provider 가 거부) (21ms)
  ✓  109 [chromium] › tests/tech/signup-api.spec.ts:113:7 › POST /api/identity/verify › 인증된 번호 형식이 틀리면 400 (identity/index.ts:50-52) (11ms)
  ✓  110 [chromium] › tests/tech/signup-api.spec.ts:127:7 › POST /api/tech/signup — 입력 게이트 › verificationId 누락 → 400 (route.ts:25-29) (14ms)
  ✓  111 [chromium] › tests/tech/signup-api.spec.ts:139:7 › POST /api/tech/signup — 입력 게이트 › 잘못된 JSON → 400 (route.ts:62-63) (15ms)
  ✓  112 [chromium] › tests/tech/signup-api.spec.ts:149:7 › POST /api/tech/signup — 입력 게이트 › 이미 사용된 본인인증 → 400 (route.ts:94-99) (78ms)
  ✓  113 [chromium] › tests/tech/signup-api.spec.ts:161:7 › POST /api/tech/signup — 입력 게이트 › 만료된 본인인증 → 400 (route.ts:100-105) (17ms)
  ✓  114 [chromium] › tests/tech/signup-api.spec.ts:176:7 › POST /api/tech/signup — 입력 게이트 › 존재하지 않는 verificationId → 400 (route.ts:88-93) (26ms)
  ✓  115 [chromium] › tests/tech/signup-api.spec.ts:187:7 › POST /api/tech/signup — 입력 게이트 › 인증한 번호와 가입 번호가 다르면 400 (route.ts:106-111) (23ms)
  ✓  116 [chromium] › tests/tech/signup-api.spec.ts:201:7 › POST /api/tech/signup — 입력 게이트 › 인증한 이름과 가입 이름이 다르면 400 (route.ts:112-121) (74ms)
  ✓  117 [chromium] › tests/tech/signup-api.spec.ts:218:7 › POST /api/tech/signup — 입력 게이트 › 공백 표기만 다른 이름은 통과한다 ("홍 길동" = "홍길동") (246ms)
  ✓  118 [chromium] › tests/tech/signup-api.spec.ts:232:7 › POST /api/tech/signup — 입력 게이트 › 중복 loginId → 409 (route.ts:79-81) (143ms)
  ✓  119 [chromium] › tests/tech/signup-api.spec.ts:250:7 › POST /api/tech/signup — 추천인 › 본인을 추천인으로 지정하면 400 (route.ts:137-142) (151ms)
  ✓  120 [chromium] › tests/tech/signup-api.spec.ts:263:7 › POST /api/tech/signup — 추천인 › 미승인 추천인 → 400 (route.ts:134-136) (227ms)
  ✓  121 [chromium] › tests/tech/signup-api.spec.ts:276:7 › POST /api/tech/signup — 추천인 › 비활성 추천인 → 400 (route.ts:134-136 의 isActive 분기) (158ms)
  ✓  122 [chromium] › tests/tech/signup-api.spec.ts:289:7 › POST /api/tech/signup — 추천인 › 승인된 추천인은 referredByUserId 로 기록된다 (543ms)
  ✓  123 [chromium] › tests/tech/signup-api.spec.ts:310:7 › POST /api/tech/signup — 성공 계약 › 가입 즉시 APPROVED 이고 세션 쿠키가 발급된다 (route.ts:176, :203-211) (232ms)
  ✓  124 [chromium] › tests/tech/signup-api.spec.ts:368:7 › POST /api/tech/signup — 성공 계약 › 가입한 본인인증은 두 번 쓸 수 없다 (재사용 → 400) (275ms)
  ✓  125 [chromium] › tests/tech/signup-api.spec.ts:385:7 › POST /api/tech/signup — 성공 계약 › zod 경계 — 짧은 아이디·짧은 비밀번호·잘못된 근로형태는 400 (438ms)
  ✓  126 [chromium] › tests/tech/signup-api.spec.ts:407:7 › POST /api/tech/signup — 레이트리밋 › 전용 IP 로 5회를 넘기면 429 (route.ts:34-48) (156ms)


  1) [chromium] › tests/portal/improvements-ui.spec.ts:218:9 › partner › 사진 대화상자 키보드 이동·초점 복귀·이미지 재시도 

    Error: expect(locator).toHaveAttribute(expected) failed

    Locator:  getByRole('dialog')
    Expected: "고객 첨부 사진 2 / 2"
    Received: "고객 첨부 사진 1 / 2"
    Timeout:  5000ms

    Call log:
      - Expect "toHaveAttribute" with timeout 5000ms
      - waiting for getByRole('dialog')
        14 × locator resolved to <dialog open="" aria-label="고객 첨부 사진 1 / 2" class="fixed inset-0 m-0 h-dvh max-h-none w-screen max-w-none items-center justify-center bg-black/90 p-4 open:flex backdrop:bg-black/50">…</dialog>
           - unexpected value "고객 첨부 사진 1 / 2"


      249 |       await expect(dialog.getByRole('img')).toBeVisible();
      250 |       await page.keyboard.press('ArrowRight');
    > 251 |       await expect(dialog).toHaveAttribute(
          |                            ^
      252 |         'aria-label',
      253 |         '고객 첨부 사진 2 / 2',
      254 |       );
        at /private/tmp/mijin-portal-audit/tests/portal/improvements-ui.spec.ts:251:28

    attachment #1: video (video/webm) ──────────────────────────────────────────────────────────────
    audit-results/portal-improvements-ui-partner-사진-대화상자-키보드-이동·초점-복귀·이미지-재시도-chromium/video.webm
    ────────────────────────────────────────────────────────────────────────────────────────────────

    Error Context: audit-results/portal-improvements-ui-partner-사진-대화상자-키보드-이동·초점-복귀·이미지-재시도-chromium/error-context.md

    attachment #3: trace (application/zip) ─────────────────────────────────────────────────────────
    audit-results/portal-improvements-ui-partner-사진-대화상자-키보드-이동·초점-복귀·이미지-재시도-chromium/trace.zip
    Usage:

        npx playwright show-trace audit-results/portal-improvements-ui-partner-사진-대화상자-키보드-이동·초점-복귀·이미지-재시도-chromium/trace.zip

    ────────────────────────────────────────────────────────────────────────────────────────────────

  2) [chromium] › tests/portal/improvements-ui.spec.ts:218:9 › tech › 사진 대화상자 키보드 이동·초점 복귀·이미지 재시도 ─

    Error: expect(locator).toHaveAttribute(expected) failed

    Locator:  getByRole('dialog')
    Expected: "고객 첨부 사진 2 / 2"
    Received: "고객 첨부 사진 1 / 2"
    Timeout:  5000ms

    Call log:
      - Expect "toHaveAttribute" with timeout 5000ms
      - waiting for getByRole('dialog')
        14 × locator resolved to <dialog open="" aria-label="고객 첨부 사진 1 / 2" class="fixed inset-0 m-0 h-dvh max-h-none w-screen max-w-none items-center justify-center bg-black/90 p-4 open:flex backdrop:bg-black/50">…</dialog>
           - unexpected value "고객 첨부 사진 1 / 2"


      249 |       await expect(dialog.getByRole('img')).toBeVisible();
      250 |       await page.keyboard.press('ArrowRight');
    > 251 |       await expect(dialog).toHaveAttribute(
          |                            ^
      252 |         'aria-label',
      253 |         '고객 첨부 사진 2 / 2',
      254 |       );
        at /private/tmp/mijin-portal-audit/tests/portal/improvements-ui.spec.ts:251:28

    attachment #1: video (video/webm) ──────────────────────────────────────────────────────────────
    audit-results/portal-improvements-ui-tech-사진-대화상자-키보드-이동·초점-복귀·이미지-재시도-chromium/video.webm
    ────────────────────────────────────────────────────────────────────────────────────────────────

    Error Context: audit-results/portal-improvements-ui-tech-사진-대화상자-키보드-이동·초점-복귀·이미지-재시도-chromium/error-context.md

    attachment #3: trace (application/zip) ─────────────────────────────────────────────────────────
    audit-results/portal-improvements-ui-tech-사진-대화상자-키보드-이동·초점-복귀·이미지-재시도-chromium/trace.zip
    Usage:

        npx playwright show-trace audit-results/portal-improvements-ui-tech-사진-대화상자-키보드-이동·초점-복귀·이미지-재시도-chromium/trace.zip

    ────────────────────────────────────────────────────────────────────────────────────────────────

  2 failed
    [chromium] › tests/portal/improvements-ui.spec.ts:218:9 › partner › 사진 대화상자 키보드 이동·초점 복귀·이미지 재시도 
    [chromium] › tests/portal/improvements-ui.spec.ts:218:9 › tech › 사진 대화상자 키보드 이동·초점 복귀·이미지 재시도 ──
  124 passed (1.0m)
