
 RUN  v4.1.10 /Users/seolwon/IdeaProjects/mijin

stdout | tests/assignment-audit/assignment.db.test.ts > A — 자동배정 진입·지역·순위·대기시간 > A02 NORMAL 접수 직후 대기시간 없이 1순위 배정, 중복 실행 무해
[autoAssign] 자동 배정: cmtv24szt004w1iw51l8vu9sd → 배정 검증 (1.4km)

stdout | tests/assignment-audit/assignment.db.test.ts > A — 자동배정 진입·지역·순위·대기시간 > A02 URGENT 접수 직후 대기시간 없이 1순위 배정, 중복 실행 무해
[autoAssign] 자동 배정: cmtv24t1100571iw5gvlf0836 → 배정 검증 (1.4km)

stdout | tests/assignment-audit/assignment.db.test.ts > A — 자동배정 진입·지역·순위·대기시간 > A02 CRITICAL 접수 직후 대기시간 없이 1순위 배정, 중복 실행 무해
[autoAssign] 자동 배정: cmtv24t24005i1iw5nstv8t07 → 배정 검증 (1.4km)

stderr | tests/assignment-audit/assignment.db.test.ts > A — 자동배정 진입·지역·순위·대기시간 > A04 주소 null는 관리자 반환, 반복 알림 없음
[autoAssign] 지역 판별 불가 → 관리자 반환: cmtv24t7g00681iw5syd7eore

stderr | tests/assignment-audit/assignment.db.test.ts > A — 자동배정 진입·지역·순위·대기시간 > A04 주소 null는 관리자 반환, 반복 알림 없음
[autoAssign] 지역 판별 불가 → 관리자 반환: cmtv24t7g00681iw5syd7eore

stderr | tests/assignment-audit/assignment.db.test.ts > A — 자동배정 진입·지역·순위·대기시간 > A04 주소 는 관리자 반환, 반복 알림 없음
[autoAssign] 지역 판별 불가 → 관리자 반환: cmtv24t8h006c1iw5jt7f17j6

stderr | tests/assignment-audit/assignment.db.test.ts > A — 자동배정 진입·지역·순위·대기시간 > A04 주소 는 관리자 반환, 반복 알림 없음
[autoAssign] 지역 판별 불가 → 관리자 반환: cmtv24t8h006c1iw5jt7f17j6

stderr | tests/assignment-audit/assignment.db.test.ts > A — 자동배정 진입·지역·순위·대기시간 > A04 주소 지역을 알 수 없음는 관리자 반환, 반복 알림 없음
[autoAssign] 지역 판별 불가 → 관리자 반환: cmtv24t9e006g1iw5jgklrrmd

stderr | tests/assignment-audit/assignment.db.test.ts > A — 자동배정 진입·지역·순위·대기시간 > A04 주소 지역을 알 수 없음는 관리자 반환, 반복 알림 없음
[autoAssign] 지역 판별 불가 → 관리자 반환: cmtv24t9e006g1iw5jgklrrmd

stdout | tests/assignment-audit/assignment.db.test.ts > A — 자동배정 진입·지역·순위·대기시간 > A05 서비스 지역 []와 좌표 없음의 실제 필터
[autoAssign] 자동 배정: cmtv24taf006k1iw58oiqas05 → 배정 검증 (지역 매칭)

stdout | tests/assignment-audit/assignment.db.test.ts > A — 자동배정 진입·지역·순위·대기시간 > A05 서비스 지역 [ '서울특별시' ]와 좌표 없음의 실제 필터
[autoAssign] 자동 배정: cmtv24tbe006q1iw5p01p2v6p → 배정 검증 (지역 매칭)

stdout | tests/assignment-audit/assignment.db.test.ts > A — 자동배정 진입·지역·순위·대기시간 > A05 서비스 지역 [ '서울특별시 강남구' ]와 좌표 없음의 실제 필터
[autoAssign] 자동 배정: cmtv24tcd006w1iw5w9rk3cfa → 배정 검증 (지역 매칭)

stderr | tests/assignment-audit/assignment.db.test.ts > A — 자동배정 진입·지역·순위·대기시간 > A05 서비스 지역 [ '부산광역시' ]와 좌표 없음의 실제 필터
[autoAssign] 담당 지역 배정 대상 없음 → 관리자 반환: cmtv24tdg00721iw510n9cr0x

stderr | tests/assignment-audit/assignment.db.test.ts > A — 자동배정 진입·지역·순위·대기시간 > A06 후보 0명 → 관리자 반환
[autoAssign] 담당 지역 배정 대상 없음 → 관리자 반환: cmtv24tee00731iw5xzfq0tmc

stderr | tests/assignment-audit/assignment.db.test.ts > A — 자동배정 진입·지역·순위·대기시간 > A07 REJECTED 이력 후보는 자동 제외, 수동 재선택 허용
[autoAssign] 담당 지역 배정 대상 없음 → 관리자 반환: cmtv24tfa00771iw5fiimrf9y

stderr | tests/assignment-audit/assignment.db.test.ts > A — 자동배정 진입·지역·순위·대기시간 > A07 EXPIRED 이력 후보는 자동 제외, 수동 재선택 허용
[autoAssign] 담당 지역 배정 대상 없음 → 관리자 반환: cmtv24tgd007f1iw5eo0i2mbc

stderr | tests/assignment-audit/assignment.db.test.ts > A — 자동배정 진입·지역·순위·대기시간 > A07 CANCELED 이력 후보는 자동 제외, 수동 재선택 허용
[autoAssign] 담당 지역 배정 대상 없음 → 관리자 반환: cmtv24thf007n1iw55duhd6gr

stdout | tests/assignment-audit/assignment.db.test.ts > A — 자동배정 진입·지역·순위·대기시간 > A08 NORMAL 워커 마감 -1ms 경계
[autoAssign] 자동 배정: cmtv24tih007v1iw5ihxjyvqc → 배정 검증 (1.4km)

stdout | tests/assignment-audit/assignment.db.test.ts > A — 자동배정 진입·지역·순위·대기시간 > A08 NORMAL 워커 마감 0ms 경계
[autoAssign] 자동 배정: cmtv24tjg00811iw51lham8h8 → 배정 검증 (1.4km)

stdout | tests/assignment-audit/assignment.db.test.ts > A — 자동배정 진입·지역·순위·대기시간 > A08 URGENT 워커 마감 -1ms 경계
[autoAssign] 자동 배정: cmtv24tle008b1iw57qkre9eo → 배정 검증 (1.4km)

stdout | tests/assignment-audit/assignment.db.test.ts > A — 자동배정 진입·지역·순위·대기시간 > A08 URGENT 워커 마감 0ms 경계
[autoAssign] 자동 배정: cmtv24tmi008h1iw500mzt6tc → 배정 검증 (1.4km)

stdout | tests/assignment-audit/assignment.db.test.ts > A — 자동배정 진입·지역·순위·대기시간 > A08 CRITICAL 워커 마감 -1ms 경계
[autoAssign] 자동 배정: cmtv24toj008r1iw5hdiikhrp → 배정 검증 (1.4km)

stdout | tests/assignment-audit/assignment.db.test.ts > A — 자동배정 진입·지역·순위·대기시간 > A08 CRITICAL 워커 마감 0ms 경계
[autoAssign] 자동 배정: cmtv24tpo008x1iw5qoj72sin → 배정 검증 (1.4km)

stderr | tests/assignment-audit/assignment.db.test.ts > T — 무응답 회수 > T01 PROVIDER NORMAL 10분 0ms 경계
[autoAssign] 무응답 자동 회수: cmtv24u4300av1iw5famonp5t (PROVIDER:cmtv24u4200au1iw5eawb6g1k, 10분 초과)

stderr | tests/assignment-audit/assignment.db.test.ts > T — 무응답 회수 > T01 PROVIDER NORMAL 10분 1ms 경계
[autoAssign] 무응답 자동 회수: cmtv24u5800b11iw5w3x2gxb4 (PROVIDER:cmtv24u5800b01iw5mi6pw50c, 10분 초과)

stderr | tests/assignment-audit/assignment.db.test.ts > T — 무응답 회수 > T01 PROVIDER URGENT 10분 0ms 경계
[autoAssign] 무응답 자동 회수: cmtv24u7900bd1iw5yuk65pbo (PROVIDER:cmtv24u7900bc1iw5ujpka77e, 10분 초과)

stderr | tests/assignment-audit/assignment.db.test.ts > T — 무응답 회수 > T01 PROVIDER URGENT 10분 1ms 경계
[autoAssign] 무응답 자동 회수: cmtv24u8c00bj1iw5dxmfs1y0 (PROVIDER:cmtv24u8b00bi1iw5jbp9zjf8, 10분 초과)

stderr | tests/assignment-audit/assignment.db.test.ts > T — 무응답 회수 > T01 PROVIDER CRITICAL 10분 0ms 경계
[autoAssign] 무응답 자동 회수: cmtv24ub600bv1iw5bhmi1xt5 (PROVIDER:cmtv24ub500bu1iw5j1xnl2c3, 10분 초과)

stderr | tests/assignment-audit/assignment.db.test.ts > T — 무응답 회수 > T01 PROVIDER CRITICAL 10분 1ms 경계
[autoAssign] 무응답 자동 회수: cmtv24ucd00c11iw58xaxrdx7 (PROVIDER:cmtv24ucc00c01iw51m7nd68t, 10분 초과)

stderr | tests/assignment-audit/assignment.db.test.ts > T — 무응답 회수 > T01 TECHNICIAN NORMAL 10분 0ms 경계
[autoAssign] 무응답 자동 회수: cmtv24uif00ch1iw5u02y9jdx (TECHNICIAN:cmtv24uid00ce1iw58go4bc11, 10분 초과)

stderr | tests/assignment-audit/assignment.db.test.ts > T — 무응답 회수 > T01 TECHNICIAN NORMAL 10분 1ms 경계
[autoAssign] 무응답 자동 회수: cmtv24un600cp1iw5ni3995tt (TECHNICIAN:cmtv24un400cm1iw5coph0gy0, 10분 초과)

stderr | tests/assignment-audit/assignment.db.test.ts > T — 무응답 회수 > T01 TECHNICIAN URGENT 10분 0ms 경계
[autoAssign] 무응답 자동 회수: cmtv24urg00d51iw57w9uif6u (TECHNICIAN:cmtv24ure00d21iw5kogotmk2, 10분 초과)

stderr | tests/assignment-audit/assignment.db.test.ts > T — 무응답 회수 > T01 TECHNICIAN URGENT 10분 1ms 경계
[autoAssign] 무응답 자동 회수: cmtv24ut400dd1iw5759l161o (TECHNICIAN:cmtv24ut200da1iw5un1sibnp, 10분 초과)

stderr | tests/assignment-audit/assignment.db.test.ts > T — 무응답 회수 > T01 TECHNICIAN CRITICAL 10분 0ms 경계
[autoAssign] 무응답 자동 회수: cmtv24uvq00dt1iw52fw6y08o (TECHNICIAN:cmtv24uvo00dq1iw50owbkogg, 10분 초과)

stderr | tests/assignment-audit/assignment.db.test.ts > T — 무응답 회수 > T01 TECHNICIAN CRITICAL 10분 1ms 경계
[autoAssign] 무응답 자동 회수: cmtv24uxj00e11iw5fu45m8j7 (TECHNICIAN:cmtv24uxh00dy1iw5uwn1jvvw, 10분 초과)

stderr | tests/assignment-audit/assignment.db.test.ts > T — 무응답 회수 > T02 PROVIDER 무응답 → 기존 대상 제외 → 상대 종류 후보 배정
[autoAssign] 무응답 자동 회수: cmtv24uzb00ec1iw5pc06y853 (PROVIDER:cmtv24uz800e61iw5uusfomk6, 10분 초과)

stdout | tests/assignment-audit/assignment.db.test.ts > T — 무응답 회수 > T02 PROVIDER 무응답 → 기존 대상 제외 → 상대 종류 후보 배정
[autoAssign] 자동 배정: cmtv24uzb00ec1iw5pc06y853 → 배정 검증 (1.4km)

stderr | tests/assignment-audit/assignment.db.test.ts > T — 무응답 회수 > T02 TECHNICIAN 무응답 → 기존 대상 제외 → 상대 종류 후보 배정
[autoAssign] 무응답 자동 회수: cmtv24v0o00ep1iw58t099oka (TECHNICIAN:cmtv24v0l00ej1iw5h9tw0d1s, 10분 초과)

stdout | tests/assignment-audit/assignment.db.test.ts > T — 무응답 회수 > T02 TECHNICIAN 무응답 → 기존 대상 제외 → 상대 종류 후보 배정
[autoAssign] 자동 배정: cmtv24v0o00ep1iw58t099oka → 배정 검증 (1.4km)

stderr | tests/assignment-audit/assignment.db.test.ts > T — 무응답 회수 > T03 후보 소진 및 토글 꺼짐은 관리자 반환, 재실행 중복 회수 없음
[autoAssign] 무응답 자동 회수: cmtv24v2c00ex1iw5butvdbx1 (PROVIDER:cmtv24v2a00ew1iw5g92s4evm, 10분 초과)

stderr | tests/assignment-audit/assignment.db.test.ts > T — 무응답 회수 > T05 워커 10개 동시 실행도 회수·재배정 각 한 번
[autoAssign] 무응답 자동 회수: cmtv24v8700fw1iw5asr10693 (PROVIDER:cmtv24v8500fq1iw56rmeep6m, 10분 초과)

stdout | tests/assignment-audit/assignment.db.test.ts > T — 무응답 회수 > T05 워커 10개 동시 실행도 회수·재배정 각 한 번
[autoAssign] 자동 배정: cmtv24v8700fw1iw5asr10693 → 배정 검증 (1.4km)

stdout | tests/assignment-audit/assignment.db.test.ts > R — 수락·거절·재배정 실제 상태 전이 > R04 PROVIDER 좌표 없는 다음 후보는 거절 즉시 재배정 제외, 워커는 허용
[autoAssign] 자동 배정: cmtv24vdo00h01iw5mp1nf8yq → 배정 검증 (지역 매칭)

stdout | tests/assignment-audit/assignment.db.test.ts > R — 수락·거절·재배정 실제 상태 전이 > R04 TECHNICIAN 좌표 없는 다음 후보는 거절 즉시 재배정 제외, 워커는 허용
[autoAssign] 자동 배정: cmtv24vuq00ke1iw55e6dvd7m → 배정 검증 (지역 매칭)

stderr | tests/assignment-audit/assignment.db.test.ts > F — 저장 장애·의도적 경합 재현 (전체 상태가 원자적으로 유지되어야 함) > F02 즉시배정 저장 실패 뒤 워커가 재시도하여 정상 배정
[autoAssign] 즉시 배정 실패(워커가 재시도) PrismaClientUnknownRequestError:
Invalid `tx.assignment.create()` invocation in
/Users/seolwon/IdeaProjects/mijin/src/lib/assignment.ts:41:25

  38       FOR SHARE OF t, c
  39     `;
  40 if (eligible.length === 0) throw new AssignmentTargetUnavailableError();
→ 41 await tx.assignment.create(
Error occurred during query execution:
ConnectorError(ConnectorError { user_facing_error: None, kind: QueryError(PostgresError { code: "P0001", message: "AUDIT_INJECTED_STORAGE_FAILURE", severity: "ERROR", detail: None, column: None, hint: None }), transient: false })
    at ei.handleRequestError (/Users/seolwon/IdeaProjects/mijin/node_modules/@prisma/client/runtime/library.js:121:7458)
    at ei.handleAndLogRequestError (/Users/seolwon/IdeaProjects/mijin/node_modules/@prisma/client/runtime/library.js:121:6593)
    at ei.request (/Users/seolwon/IdeaProjects/mijin/node_modules/@prisma/client/runtime/library.js:121:6300)
    at a (/Users/seolwon/IdeaProjects/mijin/node_modules/@prisma/client/runtime/library.js:130:9551)
    at /Users/seolwon/IdeaProjects/mijin/src/lib/assignment.ts:41:5
    at Proxy._transactionWithCallback (/Users/seolwon/IdeaProjects/mijin/node_modules/@prisma/client/runtime/library.js:130:8120)
    at claimAndAssign (/Users/seolwon/IdeaProjects/mijin/src/lib/assignment.ts:20:20)
    at pickAndAssign (/Users/seolwon/IdeaProjects/mijin/src/lib/autoAssign.ts:68:10)
    at Module.autoAssignNewRequest (/Users/seolwon/IdeaProjects/mijin/src/lib/autoAssign.ts:97:5)
    at /Users/seolwon/IdeaProjects/mijin/tests/assignment-audit/assignment.db.test.ts:355:5 {
  clientVersion: '6.19.3'
}

stdout | tests/assignment-audit/assignment.db.test.ts > F — 저장 장애·의도적 경합 재현 (전체 상태가 원자적으로 유지되어야 함) > F02 즉시배정 저장 실패 뒤 워커가 재시도하여 정상 배정
[autoAssign] 자동 배정: cmtv24wbq00pj1iw5178oygja → 배정 검증 (1.4km)

stderr | tests/assignment-audit/assignment.db.test.ts > F — 저장 장애·의도적 경합 재현 (전체 상태가 원자적으로 유지되어야 함) > F03 PROVIDER recall 접수 UPDATE 실패 시 배정 응답도 롤백
[autoAssign] 무응답 회수/재배정 실패(다음 실행에서 재시도) cmtv24wfd00q31iw5cjt7f3jm PrismaClientUnknownRequestError:
Invalid `tx.serviceRequest.update()` invocation in
/Users/seolwon/IdeaProjects/mijin/src/lib/assignment.ts:85:29

  82   ? { status: 'ACCEPTED' }
  83   : { status: 'RECEIVED', assignBaseAt: new Date() };
  84 if (params.needsAttention !== undefined) data.needsAttention = params.needsAttention;
→ 85 await tx.serviceRequest.update(
Error occurred during query execution:
ConnectorError(ConnectorError { user_facing_error: None, kind: QueryError(PostgresError { code: "P0001", message: "AUDIT_INJECTED_STORAGE_FAILURE", severity: "ERROR", detail: None, column: None, hint: None }), transient: false })
    at ei.handleRequestError (/Users/seolwon/IdeaProjects/mijin/node_modules/@prisma/client/runtime/library.js:121:7458)
    at ei.handleAndLogRequestError (/Users/seolwon/IdeaProjects/mijin/node_modules/@prisma/client/runtime/library.js:121:6593)
    at ei.request (/Users/seolwon/IdeaProjects/mijin/node_modules/@prisma/client/runtime/library.js:121:6300)
    at a (/Users/seolwon/IdeaProjects/mijin/node_modules/@prisma/client/runtime/library.js:130:9551)
    at /Users/seolwon/IdeaProjects/mijin/src/lib/assignment.ts:85:5
    at Proxy._transactionWithCallback (/Users/seolwon/IdeaProjects/mijin/node_modules/@prisma/client/runtime/library.js:130:8120)
    at Module.recallStaleAssignments (/Users/seolwon/IdeaProjects/mijin/src/lib/autoAssign.ts:129:23)
    at /Users/seolwon/IdeaProjects/mijin/tests/assignment-audit/assignment.db.test.ts:363:32
    at file:///Users/seolwon/IdeaProjects/mijin/node_modules/@vitest/runner/dist/chunk-artifact.js:1903:20 {
  clientVersion: '6.19.3'
}

stderr | tests/assignment-audit/assignment.db.test.ts > F — 저장 장애·의도적 경합 재현 (전체 상태가 원자적으로 유지되어야 함) > F03 TECHNICIAN recall 접수 UPDATE 실패 시 배정 응답도 롤백
[autoAssign] 무응답 회수/재배정 실패(다음 실행에서 재시도) cmtv24wk000qx1iw5blusmwu1 PrismaClientUnknownRequestError:
Invalid `tx.serviceRequest.update()` invocation in
/Users/seolwon/IdeaProjects/mijin/src/lib/assignment.ts:85:29

  82   ? { status: 'ACCEPTED' }
  83   : { status: 'RECEIVED', assignBaseAt: new Date() };
  84 if (params.needsAttention !== undefined) data.needsAttention = params.needsAttention;
→ 85 await tx.serviceRequest.update(
Error occurred during query execution:
ConnectorError(ConnectorError { user_facing_error: None, kind: QueryError(PostgresError { code: "P0001", message: "AUDIT_INJECTED_STORAGE_FAILURE", severity: "ERROR", detail: None, column: None, hint: None }), transient: false })
    at ei.handleRequestError (/Users/seolwon/IdeaProjects/mijin/node_modules/@prisma/client/runtime/library.js:121:7458)
    at ei.handleAndLogRequestError (/Users/seolwon/IdeaProjects/mijin/node_modules/@prisma/client/runtime/library.js:121:6593)
    at ei.request (/Users/seolwon/IdeaProjects/mijin/node_modules/@prisma/client/runtime/library.js:121:6300)
    at a (/Users/seolwon/IdeaProjects/mijin/node_modules/@prisma/client/runtime/library.js:130:9551)
    at /Users/seolwon/IdeaProjects/mijin/src/lib/assignment.ts:85:5
    at Proxy._transactionWithCallback (/Users/seolwon/IdeaProjects/mijin/node_modules/@prisma/client/runtime/library.js:130:8120)
    at Module.recallStaleAssignments (/Users/seolwon/IdeaProjects/mijin/src/lib/autoAssign.ts:129:23)
    at /Users/seolwon/IdeaProjects/mijin/tests/assignment-audit/assignment.db.test.ts:363:32
    at file:///Users/seolwon/IdeaProjects/mijin/node_modules/@vitest/runner/dist/chunk-artifact.js:1903:20 {
  clientVersion: '6.19.3'
}

stderr | tests/assignment-audit/assignment.db.test.ts > F — 저장 장애·의도적 경합 재현 (전체 상태가 원자적으로 유지되어야 함) > F06 후보 없음 동시 워커 10개 → 관리자 알림 한 번
[autoAssign] 담당 지역 배정 대상 없음 → 관리자 반환: cmtv24wq400ry1iw51k1qf7vk

stderr | tests/assignment-audit/assignment.db.test.ts > F — 저장 장애·의도적 경합 재현 (전체 상태가 원자적으로 유지되어야 함) > F06 후보 없음 동시 워커 10개 → 관리자 알림 한 번
[autoAssign] 담당 지역 배정 대상 없음 → 관리자 반환: cmtv24wq400ry1iw51k1qf7vk

stderr | tests/assignment-audit/assignment.db.test.ts > F — 저장 장애·의도적 경합 재현 (전체 상태가 원자적으로 유지되어야 함) > F06 후보 없음 동시 워커 10개 → 관리자 알림 한 번
[autoAssign] 담당 지역 배정 대상 없음 → 관리자 반환: cmtv24wq400ry1iw51k1qf7vk

stderr | tests/assignment-audit/assignment.db.test.ts > F — 저장 장애·의도적 경합 재현 (전체 상태가 원자적으로 유지되어야 함) > F06 후보 없음 동시 워커 10개 → 관리자 알림 한 번
[autoAssign] 담당 지역 배정 대상 없음 → 관리자 반환: cmtv24wq400ry1iw51k1qf7vk

stderr | tests/assignment-audit/assignment.db.test.ts > F — 저장 장애·의도적 경합 재현 (전체 상태가 원자적으로 유지되어야 함) > F06 후보 없음 동시 워커 10개 → 관리자 알림 한 번
[autoAssign] 담당 지역 배정 대상 없음 → 관리자 반환: cmtv24wq400ry1iw51k1qf7vk

stderr | tests/assignment-audit/assignment.db.test.ts > F — 저장 장애·의도적 경합 재현 (전체 상태가 원자적으로 유지되어야 함) > F06 후보 없음 동시 워커 10개 → 관리자 알림 한 번
[autoAssign] 담당 지역 배정 대상 없음 → 관리자 반환: cmtv24wq400ry1iw51k1qf7vk

stderr | tests/assignment-audit/assignment.db.test.ts > F — 저장 장애·의도적 경합 재현 (전체 상태가 원자적으로 유지되어야 함) > F06 후보 없음 동시 워커 10개 → 관리자 알림 한 번
[autoAssign] 담당 지역 배정 대상 없음 → 관리자 반환: cmtv24wq400ry1iw51k1qf7vk

stderr | tests/assignment-audit/assignment.db.test.ts > F — 저장 장애·의도적 경합 재현 (전체 상태가 원자적으로 유지되어야 함) > F06 후보 없음 동시 워커 10개 → 관리자 알림 한 번
[autoAssign] 담당 지역 배정 대상 없음 → 관리자 반환: cmtv24wq400ry1iw51k1qf7vk

stderr | tests/assignment-audit/assignment.db.test.ts > F — 저장 장애·의도적 경합 재현 (전체 상태가 원자적으로 유지되어야 함) > F06 후보 없음 동시 워커 10개 → 관리자 알림 한 번
[autoAssign] 담당 지역 배정 대상 없음 → 관리자 반환: cmtv24wq400ry1iw51k1qf7vk

stderr | tests/assignment-audit/assignment.db.test.ts > F — 저장 장애·의도적 경합 재현 (전체 상태가 원자적으로 유지되어야 함) > F06 후보 없음 동시 워커 10개 → 관리자 알림 한 번
[autoAssign] 담당 지역 배정 대상 없음 → 관리자 반환: cmtv24wq400ry1iw51k1qf7vk

stderr | tests/assignment-audit/assignment.db.test.ts > F — 저장 장애·의도적 경합 재현 (전체 상태가 원자적으로 유지되어야 함) > F07 첫 접수의 후보 조회 오류가 뒤의 정상 접수를 막지 않는다
[autoAssign] 접수 배정 실패(다음 실행에서 재시도) cmtv24wre00s21iw5gy4riedl Error: AUDIT_CANDIDATE_QUERY_FAILURE
    at /Users/seolwon/IdeaProjects/mijin/tests/assignment-audit/assignment.db.test.ts:392:43
    at getCandidates (file:///Users/seolwon/IdeaProjects/mijin/node_modules/@vitest/spy/dist/index.js:332:34)
    at pickAndAssign (/Users/seolwon/IdeaProjects/mijin/src/lib/autoAssign.ts:56:29)
    at Module.runAutoAssign (/Users/seolwon/IdeaProjects/mijin/src/lib/autoAssign.ts:185:18)
    at /Users/seolwon/IdeaProjects/mijin/tests/assignment-audit/assignment.db.test.ts:395:5
    at file:///Users/seolwon/IdeaProjects/mijin/node_modules/@vitest/runner/dist/chunk-artifact.js:1903:20

stdout | tests/assignment-audit/assignment.db.test.ts > F — 저장 장애·의도적 경합 재현 (전체 상태가 원자적으로 유지되어야 함) > F07 첫 접수의 후보 조회 오류가 뒤의 정상 접수를 막지 않는다
[autoAssign] 자동 배정: cmtv24wrf00s31iw5rgbmm8jr → 배정 검증 (1.4km)

stderr | tests/assignment-audit/assignment.db.test.ts > F — 저장 장애·의도적 경합 재현 (전체 상태가 원자적으로 유지되어야 함) > F08 회수 1건 저장 오류가 다른 회수 및 신규 배정을 막지 않는다
[autoAssign] 무응답 회수/재배정 실패(다음 실행에서 재시도) cmtv24wsn00s91iw51iatpc5m PrismaClientUnknownRequestError:
Invalid `tx.serviceRequest.update()` invocation in
/Users/seolwon/IdeaProjects/mijin/src/lib/assignment.ts:85:29

  82   ? { status: 'ACCEPTED' }
  83   : { status: 'RECEIVED', assignBaseAt: new Date() };
  84 if (params.needsAttention !== undefined) data.needsAttention = params.needsAttention;
→ 85 await tx.serviceRequest.update(
Error occurred during query execution:
ConnectorError(ConnectorError { user_facing_error: None, kind: QueryError(PostgresError { code: "P0001", message: "AUDIT_INJECTED_STORAGE_FAILURE", severity: "ERROR", detail: None, column: None, hint: None }), transient: false })
    at ei.handleRequestError (/Users/seolwon/IdeaProjects/mijin/node_modules/@prisma/client/runtime/library.js:121:7458)
    at ei.handleAndLogRequestError (/Users/seolwon/IdeaProjects/mijin/node_modules/@prisma/client/runtime/library.js:121:6593)
    at ei.request (/Users/seolwon/IdeaProjects/mijin/node_modules/@prisma/client/runtime/library.js:121:6300)
    at a (/Users/seolwon/IdeaProjects/mijin/node_modules/@prisma/client/runtime/library.js:130:9551)
    at /Users/seolwon/IdeaProjects/mijin/src/lib/assignment.ts:85:5
    at Proxy._transactionWithCallback (/Users/seolwon/IdeaProjects/mijin/node_modules/@prisma/client/runtime/library.js:130:8120)
    at recallStaleAssignments (/Users/seolwon/IdeaProjects/mijin/src/lib/autoAssign.ts:129:23)
    at Module.runAutoAssign (/Users/seolwon/IdeaProjects/mijin/src/lib/autoAssign.ts:165:24)
    at /Users/seolwon/IdeaProjects/mijin/tests/assignment-audit/assignment.db.test.ts:403:5
    at file:///Users/seolwon/IdeaProjects/mijin/node_modules/@vitest/runner/dist/chunk-artifact.js:1903:20 {
  clientVersion: '6.19.3'
}

stderr | tests/assignment-audit/assignment.db.test.ts > F — 저장 장애·의도적 경합 재현 (전체 상태가 원자적으로 유지되어야 함) > F08 회수 1건 저장 오류가 다른 회수 및 신규 배정을 막지 않는다
[autoAssign] 무응답 자동 회수: cmtv24wso00sc1iw5xyc1nmr9 (PROVIDER:cmtv24wsm00s81iw5hstijo0o, 10분 초과)

stderr | tests/assignment-audit/assignment.db.test.ts > F — 저장 장애·의도적 경합 재현 (전체 상태가 원자적으로 유지되어야 함) > F08 회수 1건 저장 오류가 다른 회수 및 신규 배정을 막지 않는다
[autoAssign] 담당 지역 배정 대상 없음 → 관리자 반환: cmtv24wso00sc1iw5xyc1nmr9

stdout | tests/assignment-audit/assignment.db.test.ts > F — 저장 장애·의도적 경합 재현 (전체 상태가 원자적으로 유지되어야 함) > F08 회수 1건 저장 오류가 다른 회수 및 신규 배정을 막지 않는다
[autoAssign] 자동 배정: cmtv24wsp00sf1iw5isaocrt2 → 배정 검증 (1.4km)

 ✓ tests/assignment-audit/assignment.db.test.ts (152 tests) 7014ms
 ✓ tests/assignment-audit/ranking.test.ts (9 tests) 141ms
stdout | tests/assignment-audit/worker.test.ts > W01 nodejs에서 30초마다 실행하며 HMR 재등록으로 워커가 중복되지 않는다
[autoAssign] 워커 시작 (30초 주기)

stdout | tests/assignment-audit/worker.test.ts > W03 실행 오류를 기록하고 다음 30초 실행은 계속한다
[autoAssign] 워커 시작 (30초 주기)

 ✓ tests/assignment-audit/worker.test.ts (3 tests) 6ms

 Test Files  3 passed (3)
      Tests  164 passed (164)
   Start at  13:58:50
   Duration  7.69s (transform 133ms, setup 0ms, import 276ms, tests 7.16s, environment 0ms)

JSON report written to /Users/seolwon/IdeaProjects/mijin/docs/assignment-audit-2026-09-10/evidence/assignment.json
